Microchip MPLAB XC8 Compiler V2.32

Linker command line:

-W-3 --edf=C:\Program Files\Microchip\xc8\v2.32\pic\dat\en_msgs.txt -cn \
  -h+dist/default/production\servo_contrl.X.production.sym \
  --cmf=dist/default/production\servo_contrl.X.production.cmf -z -Q16F1455 \
  -oC:\Users\ReneG\AppData\Local\Temp\xcAsgrk.4 --defsym=__MPLAB_BUILD=1 \
  -Mdist/default/production/servo_contrl.X.production.map -E1 \
  -ver=XC8 Compiler --acfsm=1493 -ASTACK=02006h-023EFh -pstack=STACK \
  -ACODE=00h-07FFhx4 -ASTRCODE=00h-01FFFh -ASTRING=00h-0FFhx32 \
  -ACONST=00h-0FFhx32 -AENTRY=00h-0FFhx32 -ACOMMON=070h-07Fh \
  -ABANK0=020h-06Fh -ABANK1=0A0h-0EFh -ABANK2=0120h-016Fh \
  -ABANK3=01A0h-01EFh -ABANK4=0220h-026Fh -ABANK5=02A0h-02EFh \
  -ABANK6=0320h-036Fh -ABANK7=03A0h-03EFh -ABANK8=0420h-046Fh \
  -ABANK9=04A0h-04EFh -ABANK10=0520h-056Fh -ABANK11=05A0h-05EFh \
  -ABANK12=0620h-064Fh -ABIGRAM=02000h-023EFh \
  -ARAM=020h-06Fh,0A0h-0EFh,0120h-016Fh,01A0h-01EFh,0220h-026Fh,02A0h-02EFh,0320h-036Fh,03A0h-03EFh,0420h-046Fh,04A0h-04EFh,0520h-056Fh,05A0h-05EFh,0620h-064Fh \
  -AABS1=020h-07Fh,0A0h-0EFh,0120h-016Fh,01A0h-01EFh,0220h-026Fh,02A0h-02EFh,0320h-036Fh,03A0h-03EFh,0420h-046Fh,04A0h-04EFh,0520h-056Fh,05A0h-05EFh,0620h-064Fh \
  -ASFR0=00h-01Fh -ASFR1=080h-09Fh -ASFR2=0100h-011Fh -ASFR3=0180h-019Fh \
  -ASFR4=0200h-021Fh -ASFR5=0280h-029Fh -ASFR6=0300h-031Fh \
  -ASFR7=0380h-039Fh -ASFR8=0400h-041Fh -ASFR9=0480h-049Fh \
  -ASFR10=0500h-051Fh -ASFR11=0580h-059Fh -ASFR12=0600h-061Fh \
  -ASFR13=0680h-06EFh -ASFR14=0700h-076Fh -ASFR15=0780h-07EFh \
  -ASFR16=0800h-086Fh -ASFR17=0880h-08EFh -ASFR18=0900h-096Fh \
  -ASFR19=0980h-09EFh -ASFR20=0A00h-0A6Fh -ASFR21=0A80h-0AEFh \
  -ASFR22=0B00h-0B6Fh -ASFR23=0B80h-0BEFh -ASFR24=0C00h-0C6Fh \
  -ASFR25=0C80h-0CEFh -ASFR26=0D00h-0D6Fh -ASFR27=0D80h-0DEFh \
  -ASFR28=0E00h-0E6Fh -ASFR29=0E80h-0EEFh -ASFR30=0F00h-0F6Fh \
  -ASFR31=0F80h-0FEFh -ACONFIG=08007h-08008h -DCONFIG=2 \
  -AIDLOC=08000h-08003h -DIDLOC=2 -DCODE=2 -DSTRCODE=2 -DSTRING=2 -DCONST=2 \
  -DENTRY=2 -preset_vec=00h,intentry=04h,init,end_init -ppowerup=CODE \
  -pcinit=CODE -pfunctab=ENTRY -k \
  C:\Users\ReneG\AppData\Local\Temp\xcAsgrk.o \
  dist/default/production\servo_contrl.X.production.o 

Object code version is 3.11

Machine type is 16F1455



                Name                               Link     Load   Length Selector   Space Scale
C:\Users\ReneG\AppData\Local\Temp\xcAsgrk.o
                end_init                             28       28        2        8       0
                reset_vec                             0        0        2        0       0
                config                             8007     8007        2        0       4
dist/default/production\servo_contrl.X.production.o
                cinit                                2A       2A        D        8       0
                intentry                              4        4       24        8       0
                config                             8007     8007        2        0       4
                text19                              111      111        E        8       0
                text18                               F2       F2       11        8       0
                text17                               A3       A3       16        8       0
                text16                              14D      14D        1        8       0
                text15                              103      103        E        8       0
                text13                               72       72       19        8       0
                text12                              11F      11F        9        8       0
                text11                               B9       B9       14        8       0
                text10                              128      128        8        8       0
                text9                               136      136        6        8       0
                text8                                8B       8B       18        8       0
                text7                               130      130        6        8       0
                text6                                E0       E0       12        8       0
                text5                               141      141        4        8       0
                text4                                CD       CD       13        8       0
                text3                               13C      13C        5        8       0
                text2                               148      148        3        8       0
                text1                               145      145        3        8       0
                maintext                             37       37       3B        8       0
                cstackBANK0                          24       24        2       20       1
                cstackCOMMON                         74       74        4       70       1
                dataCOMMON                           78       78        2       70       1
                bssCOMMON                            7A       7A        1       70       1
                nvBANK0                              20       20        4       20       1
                nvCOMMON                             70       70        4       70       1
                idataCOMMON                         14B      14B        2        8       0

TOTAL           Name                               Link     Load   Length     Space
        CLASS   STACK          

        CLASS   CODE           
                end_init                             28       28        2         0
                cinit                                2A       2A        D         0
                intentry                              4        4       24         0
                reset_vec                             0        0        2         0
                text19                              111      111        E         0
                text18                               F2       F2       11         0
                text17                               A3       A3       16         0
                text16                              14D      14D        1         0
                text15                              103      103        E         0
                text13                               72       72       19         0
                text12                              11F      11F        9         0
                text11                               B9       B9       14         0
                text10                              128      128        8         0
                text9                               136      136        6         0
                text8                                8B       8B       18         0
                text7                               130      130        6         0
                text6                                E0       E0       12         0
                text5                               141      141        4         0
                text4                                CD       CD       13         0
                text3                               13C      13C        5         0
                text2                               148      148        3         0
                text1                               145      145        3         0
                maintext                             37       37       3B         0
                idataCOMMON                         14B      14B        2         0

        CLASS   STRCODE        

        CLASS   STRING         

        CLASS   CONST          

        CLASS   ENTRY          

        CLASS   COMMON         
                cstackCOMMON                         74       74        4         1
                dataCOMMON                           78       78        2         1
                bssCOMMON                            7A       7A        1         1
                nvCOMMON                             70       70        4         1

        CLASS   BANK0          
                cstackBANK0                          24       24        2         1
                nvBANK0                              20       20        4         1

        CLASS   BANK1          

        CLASS   BANK2          

        CLASS   BANK3          

        CLASS   BANK4          

        CLASS   BANK5          

        CLASS   BANK6          

        CLASS   BANK7          

        CLASS   BANK8          

        CLASS   BANK9          

        CLASS   BANK10         

        CLASS   BANK11         

        CLASS   BANK12         

        CLASS   BIGRAM         

        CLASS   RAM            

        CLASS   ABS1           
                abs_s1                               7E       7E        2         1

        CLASS   SFR0           

        CLASS   SFR1           

        CLASS   SFR2           

        CLASS   SFR3           

        CLASS   SFR4           

        CLASS   SFR5           

        CLASS   SFR6           

        CLASS   SFR7           

        CLASS   SFR8           

        CLASS   SFR9           

        CLASS   SFR10          

        CLASS   SFR11          

        CLASS   SFR12          

        CLASS   SFR13          

        CLASS   SFR14          

        CLASS   SFR15          

        CLASS   SFR16          

        CLASS   SFR17          

        CLASS   SFR18          

        CLASS   SFR19          

        CLASS   SFR20          

        CLASS   SFR21          

        CLASS   SFR22          

        CLASS   SFR23          

        CLASS   SFR24          

        CLASS   SFR25          

        CLASS   SFR26          

        CLASS   SFR27          

        CLASS   SFR28          

        CLASS   SFR29          

        CLASS   SFR30          

        CLASS   SFR31          

        CLASS   CONFIG         
                config                             8007     8007        2         4

        CLASS   IDLOC          

        CLASS   BANK31         

        CLASS   BANK30         

        CLASS   BANK29         

        CLASS   BANK28         

        CLASS   BANK27         

        CLASS   BANK26         

        CLASS   BANK25         

        CLASS   BANK24         

        CLASS   BANK23         

        CLASS   BANK22         

        CLASS   BANK21         

        CLASS   BANK20         

        CLASS   BANK19         

        CLASS   BANK18         

        CLASS   BANK17         

        CLASS   BANK16         

        CLASS   BANK15         

        CLASS   BANK14         

        CLASS   BANK13         

        CLASS   EEDATA         



SEGMENTS        Name                           Load    Length   Top    Selector   Space  Class     Delta

                reset_vec                      000000  000002  000002         0       0  CODE        2
                intentry                       000004  00014A  00014E         8       0  CODE        2
                nvBANK0                        000020  000006  000026        20       1  BANK0       1
                nvCOMMON                       000070  00000B  00007B        70       1  COMMON      1


UNUSED ADDRESS RANGES

        Name                Unused          Largest block    Delta
        BANK0            00026-0006F              4A           1
        BANK1            000A0-000EF              50           1
        BANK10           00520-0056F              50           1
        BANK11           005A0-005EF              50           1
        BANK12           00620-0064F              30           1
        BANK2            00120-0016F              50           1
        BANK3            001A0-001EF              50           1
        BANK4            00220-0026F              50           1
        BANK5            002A0-002EF              50           1
        BANK6            00320-0036F              50           1
        BANK7            003A0-003EF              50           1
        BANK8            00420-0046F              50           1
        BANK9            004A0-004EF              50           1
        BIGRAM           02000-023EF             3F0           1
        CODE             00002-00003               2           2
                         0014E-01FFF             800
        COMMON           0007B-0007D               3           1
        CONST            00002-00003               2           2
                         0014E-01FFF             100
        ENTRY            00002-00003               2           2
                         0014E-01FFF             100
        IDLOC            08000-08003               4           2
        RAM              00026-0006F              4A           1
                         000A0-000EF              50
                         00120-0016F              50
                         001A0-001EF              50
                         00220-0026F              50
                         002A0-002EF              50
                         00320-0036F              50
                         003A0-003EF              50
                         00420-0046F              50
                         004A0-004EF              50
                         00520-0056F              50
                         005A0-005EF              50
                         00620-0064F              30
        SFR0             00000-0001F              20           1
        SFR1             00080-0009F              20           1
        SFR10            00500-0051F              20           1
        SFR11            00580-0059F              20           1
        SFR12            00600-0061F              20           1
        SFR13            00680-006EF              70           1
        SFR14            00700-0076F              70           1
        SFR15            00780-007EF              70           1
        SFR16            00800-0086F              70           1
        SFR17            00880-008EF              70           1
        SFR18            00900-0096F              70           1
        SFR19            00980-009EF              70           1
        SFR2             00100-0011F              20           1
        SFR20            00A00-00A6F              70           1
        SFR21            00A80-00AEF              70           1
        SFR22            00B00-00B6F              70           1
        SFR23            00B80-00BEF              70           1
        SFR24            00C00-00C6F              70           1
        SFR25            00C80-00CEF              70           1
        SFR26            00D00-00D6F              70           1
        SFR27            00D80-00DEF              70           1
        SFR28            00E00-00E6F              70           1
        SFR29            00E80-00EEF              70           1
        SFR3             00180-0019F              20           1
        SFR30            00F00-00F6F              70           1
        SFR31            00F80-00FEF              70           1
        SFR4             00200-0021F              20           1
        SFR5             00280-0029F              20           1
        SFR6             00300-0031F              20           1
        SFR7             00380-0039F              20           1
        SFR8             00400-0041F              20           1
        SFR9             00480-0049F              20           1
        STACK            02006-023EF             3EA           1
        STRCODE          00002-00003               2           2
                         0014E-01FFF            1EB2
        STRING           00002-00003               2           2
                         0014E-01FFF             100

                                  Symbol Table

?_TMR1_GetPulse                           cstackCOMMON 00076
PWM1_LoadDutyValue@dutyValue              cstackCOMMON 00076
TMR1_SetInterruptHandler@InterruptHandler cstackCOMMON 00076
TMR1_WriteTimer@timerVal                  cstackCOMMON 00074
TMR2_SetInterruptHandler@InterruptHandler cstackCOMMON 00076
_ACTCON                                   (abs)        0039B
_ANSELA                                   (abs)        0018C
_ANSELC                                   (abs)        0018E
_APFCON                                   (abs)        0011D
_BORCON                                   (abs)        00116
_INTCONbits                               (abs)        0000B
_INTERRUPT_InterruptManager               intentry     00004
_LATA                                     (abs)        0010C
_LATC                                     (abs)        0010E
_OPTION_REGbits                           (abs)        00095
_OSCCON                                   (abs)        00099
_OSCILLATOR_Initialize                    text12       0011F
_OSCTUNE                                  (abs)        00098
_PIE1bits                                 (abs)        00091
_PIN_MANAGER_Initialize                   text11       000B9
_PIR1bits                                 (abs)        00011
_PR2                                      (abs)        0001B
_PWM1CON                                  (abs)        00613
_PWM1DCH                                  (abs)        00612
_PWM1DCL                                  (abs)        00611
_PWM1_Initialize                          text10       00128
_PWM1_LoadDutyValue                       text13       00072
_SYSTEM_Initialize                        text4        000CD
_T1CON                                    (abs)        00018
_T1CONbits                                (abs)        00018
_T1GCON                                   (abs)        00019
_T1GCONbits                               (abs)        00019
_T2CON                                    (abs)        0001C
_T2CONbits                                (abs)        0001C
_TMR1H                                    (abs)        00017
_TMR1L                                    (abs)        00016
_TMR1_DefaultInterruptHandler             text19       00111
_TMR1_GetPulse                            text3        0013C
_TMR1_ISR                                 text17       000A3
_TMR1_Initialize                          text8        0008B
_TMR1_InterruptHandler                    nvBANK0      00020
_TMR1_SetInterruptHandler                 text9        00136
_TMR1_StartTimer                          text2        00148
_TMR1_WriteTimer                          text18       000F2
_TMR2                                     (abs)        0001A
_TMR2_DefaultInterruptHandler             text16       0014D
_TMR2_ISR                                 text15       00103
_TMR2_Initialize                          text6        000E0
_TMR2_InterruptHandler                    nvBANK0      00022
_TMR2_SetInterruptHandler                 text7        00130
_TMR2_StartTimer                          text1        00145
_TRISA                                    (abs)        0008C
_TRISC                                    (abs)        0008E
_WDTCON                                   (abs)        00097
_WDT_Initialize                           text5        00141
_WPUA                                     (abs)        0020C
__Habs1                                   abs1         00000
__Hbank0                                  bank0        00000
__Hbank1                                  bank1        00000
__Hbank10                                 bank10       00000
__Hbank11                                 bank11       00000
__Hbank12                                 bank12       00000
__Hbank13                                 bank13       00000
__Hbank14                                 bank14       00000
__Hbank15                                 bank15       00000
__Hbank16                                 bank16       00000
__Hbank17                                 bank17       00000
__Hbank18                                 bank18       00000
__Hbank19                                 bank19       00000
__Hbank2                                  bank2        00000
__Hbank20                                 bank20       00000
__Hbank21                                 bank21       00000
__Hbank22                                 bank22       00000
__Hbank23                                 bank23       00000
__Hbank24                                 bank24       00000
__Hbank25                                 bank25       00000
__Hbank26                                 bank26       00000
__Hbank27                                 bank27       00000
__Hbank28                                 bank28       00000
__Hbank29                                 bank29       00000
__Hbank3                                  bank3        00000
__Hbank30                                 bank30       00000
__Hbank31                                 bank31       00000
__Hbank4                                  bank4        00000
__Hbank5                                  bank5        00000
__Hbank6                                  bank6        00000
__Hbank7                                  bank7        00000
__Hbank8                                  bank8        00000
__Hbank9                                  bank9        00000
__Hbigram                                 bigram       00000
__HbssCOMMON                              bssCOMMON    00000
__Hcinit                                  cinit        00037
__Hclrtext                                clrtext      00000
__Hcode                                   code         00000
__Hcommon                                 common       00000
__Hconfig                                 config       08009
__HcstackBANK0                            cstackBANK0  00000
__HcstackCOMMON                           cstackCOMMON 00000
__HdataCOMMON                             dataCOMMON   00000
__Heeprom_data                            eeprom_data  00000
__Hend_init                               end_init     0002A
__Hfunctab                                functab      00000
__HidataCOMMON                            idataCOMMON  00000
__Hinit                                   init         00028
__Hintentry                               intentry     00028
__Hmaintext                               maintext     00000
__HnvBANK0                                nvBANK0      00000
__HnvCOMMON                               nvCOMMON     00000
__Hpowerup                                powerup      00000
__Hram                                    ram          00000
__Hreset_vec                              reset_vec    00002
__Hsfr0                                   sfr0         00000
__Hsfr1                                   sfr1         00000
__Hsfr10                                  sfr10        00000
__Hsfr11                                  sfr11        00000
__Hsfr12                                  sfr12        00000
__Hsfr13                                  sfr13        00000
__Hsfr14                                  sfr14        00000
__Hsfr15                                  sfr15        00000
__Hsfr16                                  sfr16        00000
__Hsfr17                                  sfr17        00000
__Hsfr18                                  sfr18        00000
__Hsfr19                                  sfr19        00000
__Hsfr2                                   sfr2         00000
__Hsfr20                                  sfr20        00000
__Hsfr21                                  sfr21        00000
__Hsfr22                                  sfr22        00000
__Hsfr23                                  sfr23        00000
__Hsfr24                                  sfr24        00000
__Hsfr25                                  sfr25        00000
__Hsfr26                                  sfr26        00000
__Hsfr27                                  sfr27        00000
__Hsfr28                                  sfr28        00000
__Hsfr29                                  sfr29        00000
__Hsfr3                                   sfr3         00000
__Hsfr30                                  sfr30        00000
__Hsfr31                                  sfr31        00000
__Hsfr4                                   sfr4         00000
__Hsfr5                                   sfr5         00000
__Hsfr6                                   sfr6         00000
__Hsfr7                                   sfr7         00000
__Hsfr8                                   sfr8         00000
__Hsfr9                                   sfr9         00000
__Hspace_0                                (abs)        0014E
__Hspace_1                                (abs)        0007B
__Hspace_2                                (abs)        00000
__Hspace_3                                (abs)        00000
__Hspace_4                                (abs)        10010
__Hstack                                  stack        00000
__Hstrings                                strings      00000
__Htext                                   text         00000
__Labs1                                   abs1         00000
__Lbank0                                  bank0        00000
__Lbank1                                  bank1        00000
__Lbank10                                 bank10       00000
__Lbank11                                 bank11       00000
__Lbank12                                 bank12       00000
__Lbank13                                 bank13       00000
__Lbank14                                 bank14       00000
__Lbank15                                 bank15       00000
__Lbank16                                 bank16       00000
__Lbank17                                 bank17       00000
__Lbank18                                 bank18       00000
__Lbank19                                 bank19       00000
__Lbank2                                  bank2        00000
__Lbank20                                 bank20       00000
__Lbank21                                 bank21       00000
__Lbank22                                 bank22       00000
__Lbank23                                 bank23       00000
__Lbank24                                 bank24       00000
__Lbank25                                 bank25       00000
__Lbank26                                 bank26       00000
__Lbank27                                 bank27       00000
__Lbank28                                 bank28       00000
__Lbank29                                 bank29       00000
__Lbank3                                  bank3        00000
__Lbank30                                 bank30       00000
__Lbank31                                 bank31       00000
__Lbank4                                  bank4        00000
__Lbank5                                  bank5        00000
__Lbank6                                  bank6        00000
__Lbank7                                  bank7        00000
__Lbank8                                  bank8        00000
__Lbank9                                  bank9        00000
__Lbigram                                 bigram       00000
__LbssCOMMON                              bssCOMMON    00000
__Lcinit                                  cinit        0002A
__Lclrtext                                clrtext      00000
__Lcode                                   code         00000
__Lcommon                                 common       00000
__Lconfig                                 config       00000
__LcstackBANK0                            cstackBANK0  00000
__LcstackCOMMON                           cstackCOMMON 00000
__LdataCOMMON                             dataCOMMON   00000
__Leeprom_data                            eeprom_data  00000
__Lend_init                               end_init     00028
__Lfunctab                                functab      00000
__LidataCOMMON                            idataCOMMON  00000
__Linit                                   init         00028
__Lintentry                               intentry     00004
__Lmaintext                               maintext     00000
__LnvBANK0                                nvBANK0      00000
__LnvCOMMON                               nvCOMMON     00000
__Lpowerup                                powerup      00000
__Lram                                    ram          00000
__Lreset_vec                              reset_vec    00000
__Lsfr0                                   sfr0         00000
__Lsfr1                                   sfr1         00000
__Lsfr10                                  sfr10        00000
__Lsfr11                                  sfr11        00000
__Lsfr12                                  sfr12        00000
__Lsfr13                                  sfr13        00000
__Lsfr14                                  sfr14        00000
__Lsfr15                                  sfr15        00000
__Lsfr16                                  sfr16        00000
__Lsfr17                                  sfr17        00000
__Lsfr18                                  sfr18        00000
__Lsfr19                                  sfr19        00000
__Lsfr2                                   sfr2         00000
__Lsfr20                                  sfr20        00000
__Lsfr21                                  sfr21        00000
__Lsfr22                                  sfr22        00000
__Lsfr23                                  sfr23        00000
__Lsfr24                                  sfr24        00000
__Lsfr25                                  sfr25        00000
__Lsfr26                                  sfr26        00000
__Lsfr27                                  sfr27        00000
__Lsfr28                                  sfr28        00000
__Lsfr29                                  sfr29        00000
__Lsfr3                                   sfr3         00000
__Lsfr30                                  sfr30        00000
__Lsfr31                                  sfr31        00000
__Lsfr4                                   sfr4         00000
__Lsfr5                                   sfr5         00000
__Lsfr6                                   sfr6         00000
__Lsfr7                                   sfr7         00000
__Lsfr8                                   sfr8         00000
__Lsfr9                                   sfr9         00000
__Lspace_0                                (abs)        00000
__Lspace_1                                (abs)        00000
__Lspace_2                                (abs)        00000
__Lspace_3                                (abs)        00000
__Lspace_4                                (abs)        00000
__Lstack                                  stack        00000
__Lstrings                                strings      00000
__Ltext                                   text         00000
__S0                                      (abs)        0014E
__S1                                      (abs)        0007B
__S2                                      (abs)        00000
___int_sp                                 stack        00000
___latbits                                (abs)        00002
___sp                                     stack        00000
___stackhi                                (abs)        023EF
___stacklo                                (abs)        02006
__end_of_INTERRUPT_InterruptManager       intentry     00028
__end_of_OSCILLATOR_Initialize            text12       00128
__end_of_PIN_MANAGER_Initialize           text11       000CD
__end_of_PWM1_Initialize                  text10       00130
__end_of_PWM1_LoadDutyValue               text13       0008B
__end_of_SYSTEM_Initialize                text4        000E0
__end_of_TMR1_DefaultInterruptHandler     text19       0011F
__end_of_TMR1_GetPulse                    text3        00141
__end_of_TMR1_ISR                         text17       000B9
__end_of_TMR1_Initialize                  text8        000A3
__end_of_TMR1_SetInterruptHandler         text9        0013C
__end_of_TMR1_StartTimer                  text2        0014B
__end_of_TMR1_WriteTimer                  text18       00103
__end_of_TMR2_DefaultInterruptHandler     text16       0014E
__end_of_TMR2_ISR                         text15       00111
__end_of_TMR2_Initialize                  text6        000F2
__end_of_TMR2_SetInterruptHandler         text7        00136
__end_of_TMR2_StartTimer                  text1        00148
__end_of_WDT_Initialize                   text5        00145
__end_of__initialization                  cinit        00033
__end_of_main                             maintext     00072
__initialization                          cinit        0002A
__pbssCOMMON                              bssCOMMON    0007A
__pcstackBANK0                            cstackBANK0  00024
__pcstackCOMMON                           cstackCOMMON 00074
__pdataCOMMON                             dataCOMMON   00078
__pidataCOMMON                            idataCOMMON  0014B
__pintentry                               intentry     00004
__pmaintext                               maintext     00037
__pnvBANK0                                nvBANK0      00020
__pnvCOMMON                               nvCOMMON     00070
__ptext1                                  text1        00145
__ptext10                                 text10       00128
__ptext11                                 text11       000B9
__ptext12                                 text12       0011F
__ptext13                                 text13       00072
__ptext15                                 text15       00103
__ptext16                                 text16       0014D
__ptext17                                 text17       000A3
__ptext18                                 text18       000F2
__ptext19                                 text19       00111
__ptext2                                  text2        00148
__ptext3                                  text3        0013C
__ptext4                                  text4        000CD
__ptext5                                  text5        00141
__ptext6                                  text6        000E0
__ptext7                                  text7        00130
__ptext8                                  text8        0008B
__ptext9                                  text9        00136
__size_of_INTERRUPT_InterruptManager      (abs)        00000
__size_of_OSCILLATOR_Initialize           (abs)        00000
__size_of_PIN_MANAGER_Initialize          (abs)        00000
__size_of_PWM1_Initialize                 (abs)        00000
__size_of_PWM1_LoadDutyValue              (abs)        00000
__size_of_SYSTEM_Initialize               (abs)        00000
__size_of_TMR1_DefaultInterruptHandler    (abs)        00000
__size_of_TMR1_GetPulse                   (abs)        00000
__size_of_TMR1_ISR                        (abs)        00000
__size_of_TMR1_Initialize                 (abs)        00000
__size_of_TMR1_SetInterruptHandler        (abs)        00000
__size_of_TMR1_StartTimer                 (abs)        00000
__size_of_TMR1_WriteTimer                 (abs)        00000
__size_of_TMR2_DefaultInterruptHandler    (abs)        00000
__size_of_TMR2_ISR                        (abs)        00000
__size_of_TMR2_Initialize                 (abs)        00000
__size_of_TMR2_SetInterruptHandler        (abs)        00000
__size_of_TMR2_StartTimer                 (abs)        00000
__size_of_WDT_Initialize                  (abs)        00000
__size_of_main                            (abs)        00000
_flag                                     bssCOMMON    0007A
_main                                     maintext     00037
_newpulse                                 nvCOMMON     00072
_pulse                                    dataCOMMON   00078
_timer1ReloadVal                          nvCOMMON     00070
btemp                                     (abs)        0007E
end_of_initialization                     cinit        00033
int$flags                                 (abs)        0007E
intlevel0                                 functab      00000
intlevel1                                 functab      00000
intlevel2                                 functab      00000
intlevel3                                 functab      00000
intlevel4                                 functab      00000
intlevel5                                 functab      00000
reset_vec                                 reset_vec    00000
start                                     init         00028
start_initialization                      cinit        0002A
wtemp0                                    (abs)        0007E


MODULE INFORMATION

Module		Function		Class		Link	Load	Size
mcc_generated_files/tmr2.c
		_TMR2_ISR      		CODE           	0103	0000	14
		_TMR2_Initialize		CODE           	00E0	0000	18
		_TMR2_SetInterruptHandler		CODE           	0130	0000	6
		_TMR2_DefaultInterruptHandler		CODE           	014D	0000	1
		_TMR2_StartTimer		CODE           	0145	0000	3

mcc_generated_files/tmr2.c estimated size: 42

mcc_generated_files/interrupt_manager.c
		_INTERRUPT_InterruptManager		CODE           	0004	0000	36

mcc_generated_files/interrupt_manager.c estimated size: 36

mcc_generated_files/pin_manager.c
		_PIN_MANAGER_Initialize		CODE           	00B9	0000	20

mcc_generated_files/pin_manager.c estimated size: 20

shared
		__initialization		CODE           	002A	0000	9

shared estimated size: 9

mcc_generated_files/mcc.c
		_WDT_Initialize		CODE           	0141	0000	4
		_OSCILLATOR_Initialize		CODE           	011F	0000	9
		_SYSTEM_Initialize		CODE           	00CD	0000	19

mcc_generated_files/mcc.c estimated size: 32

mcc_generated_files/tmr1.c
		_TMR1_Initialize		CODE           	008B	0000	24
		_TMR1_SetInterruptHandler		CODE           	0136	0000	6
		_TMR1_DefaultInterruptHandler		CODE           	0111	0000	14
		_TMR1_WriteTimer		CODE           	00F2	0000	17
		_TMR1_StartTimer		CODE           	0148	0000	3
		_TMR1_GetPulse 		CODE           	013C	0000	5
		_TMR1_ISR      		CODE           	00A3	0000	22

mcc_generated_files/tmr1.c estimated size: 91

mcc_generated_files/pwm1.c
		_PWM1_Initialize		CODE           	0128	0000	8
		_PWM1_LoadDutyValue		CODE           	0072	0000	25

mcc_generated_files/pwm1.c estimated size: 33

main.c
		_main          		CODE           	0037	0000	59

main.c estimated size: 59

